Mono path[0] = '/Users/yuemarco/Documents/mech/jishen-trial-unity/Builds/Mac/MECH_TRIAL_Hangar_20260908.app/Contents/Resources/Data/Managed'
Mono config path = '/Users/yuemarco/Documents/mech/jishen-trial-unity/Builds/Mac/MECH_TRIAL_Hangar_20260908.app/Contents/MonoBleedingEdge/etc'
Input System module state changed to: Initialized.
[Physics::Module] Initialized fallback backend.
[Physics::Module] Id: 0xdecafbad
Initialize engine version: 6000.3.17f1 (cf0352b38e81)
[Subsystems] Discovering subsystems at path /Users/yuemarco/Documents/mech/jishen-trial-unity/Builds/Mac/MECH_TRIAL_Hangar_20260908.app/Contents/Resources/Data/UnitySubsystems
GfxDevice: creating device client; kGfxThreadingModeThreaded
 preferred device: Apple M1 (high power)
Metal devices available: 1
0: Apple M1 (high power)
Using device Apple M1 (high power)
Initializing Metal device caps: Apple M1
Mac GPU Family: 2
Apple GPU Family: 7
MSL Version: 3.0
Has Float MSAA: 1
Has Float Filtering: 1
ReadWrite Texture Tier: 2
Begin MonoManager ReloadAssembly
- Loaded All Assemblies, in  0.070 seconds
- Finished resetting the current domain, in  0.001 seconds
[Physics::Module] Selected backend.
[Physics::Module] Name: PhysX
[Physics::Module] Id: 0xf2b8ea05
[Physics::Module] SDK Version: 4.1.2
[Physics::Module] Integration Version: 1.0.0
[Physics::Module] Threading Mode: Multi-Threaded
UnloadTime: 0.666625 ms
2026-09-08 17:06:31.408 MECH TRIAL[68929:24110692] error messaging the mach port for IMKCFRunLoopWakeUpReliable
Metal RecreateSurface[0x12d222e70]: surface size 2400x1364
Unloading 5 Unused Serialized files (Serialized files now loaded: 0)
UnloadTime: 3.992250 ms
Unloading 12 unused Assets to reduce memory usage. Loaded Objects now: 5055.
Total: 0.834416 ms (FindLiveObjects: 0.129958 ms CreateObjectMapping: 0.048792 ms MarkObjects: 0.630625 ms  DeleteObjects: 0.024958 ms)
