Mono path[0] = 'D:/project-mecha-design/MECH ROUGE/handoff/GameplayLoop_V1/Builds/ValkyrHangarV9_RifleScale/MECH_TRIAL_Valkyr_Data/Managed'
Mono config path = 'D:/project-mecha-design/MECH ROUGE/handoff/GameplayLoop_V1/Builds/ValkyrHangarV9_RifleScale/MonoBleedingEdge/etc'
Input System module state changed to: Initialized.
[Physics::Module] Initialized fallback backend.
[Physics::Module] Id: 0xdecafbad
Initialize engine version: 6000.3.18f1 (5ebeb53e4c07)
[Subsystems] Discovering subsystems at path D:/project-mecha-design/MECH ROUGE/handoff/GameplayLoop_V1/Builds/ValkyrHangarV9_RifleScale/MECH_TRIAL_Valkyr_Data/UnitySubsystems
GfxDevice: creating device client; kGfxThreadingModeNonThreaded
d3d12: failed to query info queue interface (0x80004002).
Direct3D:
    Version:         Direct3D 12 [level 12.2]
    Renderer:        NVIDIA GeForce RTX 4070 Ti (ID=0x2782)
    Vendor:          NVIDIA
    VRAM:            11994 MB
    App VRAM Budget: 11226 MB
    Driver:          32.0.15.9649
Begin MonoManager ReloadAssembly
- Loaded All Assemblies, in  0.087 seconds
- Finished resetting the current domain, in  0.001 seconds
[Physics::Module] Selected backend.
[Physics::Module] Name: PhysX
[Physics::Module] Id: 0xf2b8ea05
[Physics::Module] SDK Version: 4.1.2
[Physics::Module] Integration Version: 1.0.0
[Physics::Module] Threading Mode: Multi-Threaded
UnloadTime: 0.383500 ms
Unloading 5 Unused Serialized files (Serialized files now loaded: 0)
UnloadTime: 3.177800 ms
Unloading 19 unused Assets to reduce memory usage. Loaded Objects now: 5872.
Total: 0.660900 ms (FindLiveObjects: 0.115100 ms CreateObjectMapping: 0.038600 ms MarkObjects: 0.470400 ms  DeleteObjects: 0.036700 ms)

[Physics::Module] Cleanup current backend.
[Physics::Module] Id: 0xf2b8ea05
Input System module state changed to: ShutdownInProgress.
Input System polling thread exited.
Input System module state changed to: Shutdown.
